Loaded 3072 rows; target=true
[nestynet.optimizer] [95m[LM] Potential K-colinearity issue in rm[0].providers[0] (G_Model, segments=48, outputs=1, seg_width=2): 21/1128 cross-segment channel pairs exceed |cos|>0.95 (worst seg 5/out 0 ↔ seg 37/out 0 |cos|=0.9930). Grouped segment pairs: 21/1128 exceed |cos|>0.95 (worst seg 5 ↔ seg 37 |cos|=0.9930). This can make LM/direct_solve ill-conditioned; consider increasing seg_width, reducing segment count, or using a more diversity-preserving initialization. This model uses low-dimensional K-vectors (Nx*seg_width=4), so channel-level directional crowding can appear before whole segments overlap.[0m
[NestyNet][param_refresh] discovered 1 base model(s):
  #0: base=G_Model, params=384, output_major=False, id=5159470848, primary=base_model
[NestyNet][param_refresh] discovered 1 base model(s):
  #0: base=G_Model, params=384, output_major=False, id=5159470848, primary=base_model
[nestynet.optimizer] [LM] num_params: 384
[NestyNet][param_refresh] discovered 2 base model(s):
  #0: wrapper=SegmentedAdaptor, base=G_Model, params=384, output_major=False, id=5159470848
  #1: wrapper=SegmentedAdaptor, base=G_Model, params=384, output_major=False, id=5159470848
[LM][bucket] solving P=384 (trivially separable union)
[nestynet.optimizer] [LM] Iter 0, chisq: 1626.541151889447, improvement: 1e+30, val-set chisq: 1620.686677442221, nacc: 1, nacc_lin: 0, skipped_Quad: 0, acc_frac: 1.0, lambda: 33.333333333333336, lbfgs: 0
[nestynet.optimizer] [LM] Iter 100, chisq: 3.701569616617411e-09, improvement: 1626.5411518857454, val-set chisq: 7.46766313046669e-09, nacc: 70, nacc_lin: 41, skipped_Quad: 5, acc_frac: 0.69, lambda: 1.9299728670195192e-09, lbfgs: 0
[nestynet.optimizer] [LM] Iter 200, chisq: 2.8378709042767464e-09, improvement: 8.636987123406648e-10, val-set chisq: 6.057398330758327e-09, nacc: 129, nacc_lin: 41, skipped_Quad: 59, acc_frac: 0.59, lambda: 6.211083284362584e-09, lbfgs: 0
[nestynet.optimizer] [LM] Convergence achieved: chisq improvement (8.636987e-10) < tolerance (1.000000e-08); halting.
surrogate: best val loss 6.057e-09; y rel-RMS vs true q 1.10e-04; gradient rel-RMS 1.95e-03  (probe envelope: accept <=1e-3)
  [strict]     translation/axis                       acc=True  conf=0.859 res=8.44e-03 xi=(1.0,)
  [strict]     translation/axis                       acc=True  conf=0.568 res=2.59e-02 xi=(1.0,)
  [strict]     translation/diagonal_plus              acc=True  conf=0.703 res=1.78e-02 xi=(1.0, 1.0)
  [strict]  general_affine/unclassified_pair          acc=False conf=0.908 res=5.52e-03 xi=(0.0556, -0.6527, -0.0581, 0.3436, 1.0, 0.1532)
  [strict]     translation/diagonal_minus             acc=False conf=0.470 res=3.42e-02 xi=(1.0, -1.0)
  [strict]  general_affine/affine_translation_pair    acc=False conf=0.246 res=6.55e-02 xi=(0.3255, 1.0)
  [strict]         scaling/axis                       acc=False conf=0.000 res=9.74e-01 xi=(1.0,)
  [strict]         scaling/common_pair                acc=False conf=0.000 res=2.12e+00 xi=(1.0, 1.0)
  [strict]         lorentz/boost_pair                 acc=False conf=0.000 res=2.49e+00 xi=(1.0, 1.0)
  [strict]         scaling/axis                       acc=False conf=0.000 res=3.00e+00 xi=(1.0,)
  [strict]         scaling/opposite_pair              acc=False conf=0.000 res=3.93e+00 xi=(1.0, -1.0)
  [strict]        rotation/so2_pair                   acc=False conf=0.000 res=4.00e+00 xi=(-1.0, 1.0)
  [  full]     translation/axis                       acc=True  conf=0.859 res=8.44e-03 xi=(1.0,)
  [  full]     translation/axis                       acc=True  conf=0.568 res=2.59e-02 xi=(1.0,)
  [  full]     translation/diagonal_plus              acc=True  conf=0.703 res=1.78e-02 xi=(1.0, 1.0)
  [  full]         scaling/common_pair                acc=True  conf=0.824 res=1.06e-02 xi=(1.0, 1.0)
  [  full]  general_affine/unclassified_pair          acc=True  conf=0.923 res=4.60e-03 xi=(0.0808, 0.1157, 0.9975, -0.143, -0.5763, 1.0)
  [  full]     translation/diagonal_minus             acc=False conf=0.470 res=3.42e-02 xi=(1.0, -1.0)
  [  full]  general_affine/affine_translation_pair    acc=False conf=0.246 res=6.55e-02 xi=(0.3255, 1.0)
  [  full]         scaling/axis                       acc=False conf=0.000 res=5.57e-01 xi=(1.0,)
  [  full]         scaling/opposite_pair              acc=False conf=0.000 res=8.53e-01 xi=(1.0, -1.0)
  [  full]         scaling/axis                       acc=False conf=0.000 res=9.74e-01 xi=(1.0,)
  [  full]         lorentz/boost_pair                 acc=False conf=0.000 res=1.13e+00 xi=(1.0, 1.0)
  [  full]        rotation/so2_pair                   acc=False conf=0.000 res=1.14e+00 xi=(-1.0, 1.0)

GATE: FAIL -- see rows above
Summary: <WORKSPACE>/NestyNet_SR/examples/jacobi_tidal/results/tidal_carrier_gs_true.json
